PS C:\Users\TEST\git_challenge> git commit -m "hello_world.txtを追加"
[main (root-commit) d816a05] hello_world.txtを追加
 1 file changed, 1 insertion(+)
 create mode 100644 hello_world.txt
PS C:\Users\TEST\git_challenge> git add hello_world.txt
PS C:\Users\TEST\git_challenge> git commit -m "日本語訳を追記"
[main afee153] 日本語訳を追記
 1 file changed, 2 insertions(+), 1 deletion(-)
PS C:\Users\TEST\git_challenge> git log --oneline
afee153 (HEAD -> main) 日本語訳を追記
d816a05 hello_world.txtを追加
PS C:\Users\TEST\git_challenge>